python : Traceback (most recent call last):
At line:1 char:38
+ ... pe\backend; python test_comprehensive.py > test_output.txt 2>&1; Get- ...
+                 ~~~~~~~~~~~~~~~~~~~~~~~~~~~~~~~~~~~~~~~~~~~~~~~~~~~
    + CategoryInfo          : NotSpecified: (Traceback (most recent call last)::String) [],  
   RemoteException
    + FullyQualifiedErrorId : NativeCommandError
 
  File "C:\Users\sorox\RollScape\backend\test_comprehensive.py", line 748, in <module>
    passed, failed, bugs_found = run_all_tests()
                                 ^^^^^^^^^^^^^^^
  File "C:\Users\sorox\RollScape\backend\test_comprehensive.py", line 623, in run_all_tests
    test_status_endpoints()
  File "C:\Users\sorox\RollScape\backend\test_comprehensive.py", line 80, in 
test_status_endpoints
    log_test("Status", "Health check", True)
  File "C:\Users\sorox\RollScape\backend\test_comprehensive.py", line 47, in log_test
    print(f"  {status} {name}")
  File "C:\Users\sorox\AppData\Local\Programs\Python\Python312\Lib\encodings\cp1252.py", 
line 19, in encode
    return codecs.charmap_encode(input,self.errors,encoding_table)[0]
           ^^^^^^^^^^^^^^^^^^^^^^^^^^^^^^^^^^^^^^^^^^^^^^^^^^^^^^^
UnicodeEncodeError: 'charmap' codec can't encode character '\u2705' in position 2: character 
maps to <undefined>

======================================================================
ROLLSCAPE COMPREHENSIVE TEST SUITE
======================================================================
Testing: http://localhost:8000
Started: 2025-11-21 22:20:45
======================================================================

======================================================================
1. STATUS ENDPOINTS
======================================================================


[ERROR] Testing failed with error: 'charmap' codec can't encode character '\u2705' in position 2: character maps to <undefined>
